// Jest Snapshot v1, https://goo.gl/fbAQLP

exports[`App test against snapshot 1`] = `
<View
  style={
    Object {
      "alignItems": "center",
      "backgroundColor": "#fff",
      "flex": 1,
      "justifyContent": "center",
      "marginBottom": 120,
      "marginTop": 100,
    }
  }
>
  <Text
    style={
      Object {
        "color": "#000",
        "fontSize": 30,
        "textAlign": "center",
      }
    }
  >
    WSLHD
  </Text>
  <Text
    style={
      Object {
        "color": "#000",
        "fontSize": 30,
        "textAlign": "center",
      }
    }
  >
    Dashboards
  </Text>
  <View
    style={
      Object {
        "marginBottom": 70,
        "marginTop": 100,
        "width": "65%",
      }
    }
  >
    <Text
      style={
        Object {
          "color": "#090909",
          "fontSize": 22,
          "textAlign": "left",
        }
      }
    >
      ID number
    </Text>
    <TextInput
      allowFontScaling={true}
      rejectResponderTermination={true}
      style={
        Object {
          "borderColor": "#000",
          "borderWidth": 1,
          "height": 40,
          "marginBottom": 25,
          "marginTop": 10,
          "width": "100%",
        }
      }
      underlineColorAndroid="transparent"
    />
    <Text
      style={
        Object {
          "color": "#090909",
          "fontSize": 22,
          "textAlign": "left",
        }
      }
    >
      Password
    </Text>
    <TextInput
      allowFontScaling={true}
      rejectResponderTermination={true}
      style={
        Object {
          "borderColor": "#000",
          "borderWidth": 1,
          "height": 40,
          "marginBottom": 25,
          "marginTop": 10,
          "width": "100%",
        }
      }
      underlineColorAndroid="transparent"
    />
  </View>
  <View
    accessible={true}
    isTVSelectable={true}
    onResponderGrant={[Function]}
    onResponderMove={[Function]}
    onResponderRelease={[Function]}
    onResponderTerminate={[Function]}
    onResponderTerminationRequest={[Function]}
    onStartShouldSetResponder={[Function]}
    style={
      Object {
        "borderColor": "#000",
        "borderWidth": 1,
        "opacity": 1,
        "paddingVertical": 10,
        "width": "40%",
      }
    }
  >
    <Text
      style={
        Object {
          "color": "#000",
          "fontSize": 22,
          "fontWeight": "bold",
          "textAlign": "center",
        }
      }
    >
      Login
    </Text>
  </View>
</View>
`;
